
 /----------------------------------------------------------------------------\
 |  yosys -- Yosys Open SYnthesis Suite                                       |
 |  Copyright (C) 2012 - 2025  Claire Xenia Wolf <claire@yosyshq.com>         |
 |  Distributed under an ISC-like license, type "license" to see terms        |
 \----------------------------------------------------------------------------/
 Yosys 0.52 (git sha1 fee39a3284c90249e1d9684cf6944ffbbcbb8f90)

-- Running command `
read_verilog -sv   rtl/common/sat_q15.sv   rtl/common/rne_sat_q30_to_q15.sv   rtl/v0/butterfly_comb.sv;
hierarchy -check -top butterfly_comb;
proc;
opt;
check;
stat;
' --

1. Executing Verilog-2005 frontend: rtl/common/sat_q15.sv
Parsing SystemVerilog input from `rtl/common/sat_q15.sv' to AST representation.
Generating RTLIL representation for module `\sat_q15'.
Successfully finished Verilog frontend.

2. Executing Verilog-2005 frontend: rtl/common/rne_sat_q30_to_q15.sv
Parsing SystemVerilog input from `rtl/common/rne_sat_q30_to_q15.sv' to AST representation.
Generating RTLIL representation for module `\rne_sat_q30_to_q15'.
Successfully finished Verilog frontend.

3. Executing Verilog-2005 frontend: rtl/v0/butterfly_comb.sv
Parsing SystemVerilog input from `rtl/v0/butterfly_comb.sv' to AST representation.
Generating RTLIL representation for module `\butterfly_comb'.
Successfully finished Verilog frontend.

4. Executing HIERARCHY pass (managing design hierarchy).

4.1. Analyzing design hierarchy..
Top module:  \butterfly_comb
Used module:     \rne_sat_q30_to_q15
Used module:     \sat_q15

4.2. Analyzing design hierarchy..
Top module:  \butterfly_comb
Used module:     \rne_sat_q30_to_q15
Used module:     \sat_q15
Removed 0 unused modules.

5. Executing PROC pass (convert processes to netlists).

5.1. Executing PROC_CLEAN pass (remove empty switches from decision trees).
Cleaned up 0 empty switches.

5.2. Executing PROC_RMDEAD pass (remove dead branches from decision trees).
Marked 2 switch rules as full_case in process $proc$rtl/common/rne_sat_q30_to_q15.sv:0$4 in module rne_sat_q30_to_q15.
Marked 2 switch rules as full_case in process $proc$rtl/common/sat_q15.sv:0$1 in module sat_q15.
Removed a total of 0 dead cases.

5.3. Executing PROC_PRUNE pass (remove redundant assignments in processes).
Removed 0 redundant assignments.
Promoted 10 assignments to connections.

5.4. Executing PROC_INIT pass (extract init attributes).

5.5. Executing PROC_ARST pass (detect async resets in processes).

5.6. Executing PROC_ROM pass (convert switches to ROMs).
Converted 0 switches.
<suppressed ~4 debug messages>

5.7. Executing PROC_MUX pass (convert decision trees to multiplexers).
Creating decoders for process `\rne_sat_q30_to_q15.$proc$rtl/common/rne_sat_q30_to_q15.sv:0$4'.
     1/4: $2\saturated[0:0]
     2/4: $2\out_value[15:0]
     3/4: $1\saturated[0:0]
     4/4: $1\out_value[15:0]
Creating decoders for process `\sat_q15.$proc$rtl/common/sat_q15.sv:0$1'.
     1/4: $2\saturated[0:0]
     2/4: $2\out_value[15:0]
     3/4: $1\saturated[0:0]
     4/4: $1\out_value[15:0]

5.8. Executing PROC_DLATCH pass (convert process syncs to latches).
No latch inferred for signal `\rne_sat_q30_to_q15.\out_value' from process `\rne_sat_q30_to_q15.$proc$rtl/common/rne_sat_q30_to_q15.sv:0$4'.
No latch inferred for signal `\rne_sat_q30_to_q15.\saturated' from process `\rne_sat_q30_to_q15.$proc$rtl/common/rne_sat_q30_to_q15.sv:0$4'.
No latch inferred for signal `\rne_sat_q30_to_q15.\base_value' from process `\rne_sat_q30_to_q15.$proc$rtl/common/rne_sat_q30_to_q15.sv:0$4'.
No latch inferred for signal `\rne_sat_q30_to_q15.\guard' from process `\rne_sat_q30_to_q15.$proc$rtl/common/rne_sat_q30_to_q15.sv:0$4'.
No latch inferred for signal `\rne_sat_q30_to_q15.\sticky' from process `\rne_sat_q30_to_q15.$proc$rtl/common/rne_sat_q30_to_q15.sv:0$4'.
No latch inferred for signal `\rne_sat_q30_to_q15.\kept_lsb' from process `\rne_sat_q30_to_q15.$proc$rtl/common/rne_sat_q30_to_q15.sv:0$4'.
No latch inferred for signal `\rne_sat_q30_to_q15.\round_increment' from process `\rne_sat_q30_to_q15.$proc$rtl/common/rne_sat_q30_to_q15.sv:0$4'.
No latch inferred for signal `\rne_sat_q30_to_q15.\rounded_value' from process `\rne_sat_q30_to_q15.$proc$rtl/common/rne_sat_q30_to_q15.sv:0$4'.
No latch inferred for signal `\sat_q15.\out_value' from process `\sat_q15.$proc$rtl/common/sat_q15.sv:0$1'.
No latch inferred for signal `\sat_q15.\saturated' from process `\sat_q15.$proc$rtl/common/sat_q15.sv:0$1'.

5.9. Executing PROC_DFF pass (convert process syncs to FFs).

5.10. Executing PROC_MEMWR pass (convert process memory writes to cells).

5.11. Executing PROC_CLEAN pass (remove empty switches from decision trees).
Found and cleaned up 2 empty switches in `\rne_sat_q30_to_q15.$proc$rtl/common/rne_sat_q30_to_q15.sv:0$4'.
Removing empty process `rne_sat_q30_to_q15.$proc$rtl/common/rne_sat_q30_to_q15.sv:0$4'.
Found and cleaned up 2 empty switches in `\sat_q15.$proc$rtl/common/sat_q15.sv:0$1'.
Removing empty process `sat_q15.$proc$rtl/common/sat_q15.sv:0$1'.
Cleaned up 4 empty switches.

5.12. Executing OPT_EXPR pass (perform const folding).
Optimizing module butterfly_comb.
Optimizing module rne_sat_q30_to_q15.
Optimizing module sat_q15.

6. Executing OPT pass (performing simple optimizations).

6.1. Executing OPT_EXPR pass (perform const folding).
Optimizing module butterfly_comb.
Optimizing module rne_sat_q30_to_q15.
Optimizing module sat_q15.

6.2. Executing OPT_MERGE pass (detect identical cells).
Finding identical cells in module `\butterfly_comb'.
Finding identical cells in module `\rne_sat_q30_to_q15'.
Finding identical cells in module `\sat_q15'.
Removed a total of 0 cells.

6.3. Executing OPT_MUXTREE pass (detect dead branches in mux trees).
Running muxtree optimizer on module \butterfly_comb..
  Creating internal representation of mux trees.
  No muxes found in this module.
Running muxtree optimizer on module \rne_sat_q30_to_q15..
  Creating internal representation of mux trees.
  Evaluating internal representation of mux trees.
  Analyzing evaluation results.
    dead port 1/2 on $mux $procmux$31.
    dead port 1/2 on $mux $procmux$25.
Running muxtree optimizer on module \sat_q15..
  Creating internal representation of mux trees.
  Evaluating internal representation of mux trees.
  Analyzing evaluation results.
    dead port 1/2 on $mux $procmux$49.
    dead port 1/2 on $mux $procmux$43.
Removed 4 multiplexer ports.
<suppressed ~4 debug messages>

6.4. Executing OPT_REDUCE pass (consolidate $*mux and $reduce_* inputs).
  Optimizing cells in module \butterfly_comb.
  Optimizing cells in module \rne_sat_q30_to_q15.
  Optimizing cells in module \sat_q15.
Performed a total of 0 changes.

6.5. Executing OPT_MERGE pass (detect identical cells).
Finding identical cells in module `\butterfly_comb'.
Finding identical cells in module `\rne_sat_q30_to_q15'.
Finding identical cells in module `\sat_q15'.
Removed a total of 0 cells.

6.6. Executing OPT_DFF pass (perform DFF optimizations).

6.7. Executing OPT_CLEAN pass (remove unused cells and wires).
Finding unused cells or wires in module \butterfly_comb..
Finding unused cells or wires in module \rne_sat_q30_to_q15..
Finding unused cells or wires in module \sat_q15..
Removed 0 unused cells and 51 unused wires.
<suppressed ~3 debug messages>

6.8. Executing OPT_EXPR pass (perform const folding).
Optimizing module butterfly_comb.
Optimizing module rne_sat_q30_to_q15.
Optimizing module sat_q15.

6.9. Rerunning OPT passes. (Maybe there is more to do..)

6.10. Executing OPT_MUXTREE pass (detect dead branches in mux trees).
Running muxtree optimizer on module \butterfly_comb..
  Creating internal representation of mux trees.
  No muxes found in this module.
Running muxtree optimizer on module \rne_sat_q30_to_q15..
  Creating internal representation of mux trees.
  Evaluating internal representation of mux trees.
  Analyzing evaluation results.
Running muxtree optimizer on module \sat_q15..
  Creating internal representation of mux trees.
  Evaluating internal representation of mux trees.
  Analyzing evaluation results.
Removed 0 multiplexer ports.
<suppressed ~4 debug messages>

6.11. Executing OPT_REDUCE pass (consolidate $*mux and $reduce_* inputs).
  Optimizing cells in module \butterfly_comb.
  Optimizing cells in module \rne_sat_q30_to_q15.
  Optimizing cells in module \sat_q15.
Performed a total of 0 changes.

6.12. Executing OPT_MERGE pass (detect identical cells).
Finding identical cells in module `\butterfly_comb'.
Finding identical cells in module `\rne_sat_q30_to_q15'.
Finding identical cells in module `\sat_q15'.
Removed a total of 0 cells.

6.13. Executing OPT_DFF pass (perform DFF optimizations).

6.14. Executing OPT_CLEAN pass (remove unused cells and wires).
Finding unused cells or wires in module \butterfly_comb..
Finding unused cells or wires in module \rne_sat_q30_to_q15..
Finding unused cells or wires in module \sat_q15..

6.15. Executing OPT_EXPR pass (perform const folding).
Optimizing module butterfly_comb.
Optimizing module rne_sat_q30_to_q15.
Optimizing module sat_q15.

6.16. Finished OPT passes. (There is nothing left to do.)

7. Executing CHECK pass (checking for obvious problems).
Checking module butterfly_comb...
Checking module rne_sat_q30_to_q15...
Checking module sat_q15...
Found and reported 0 problems.

8. Printing statistics.

=== butterfly_comb ===

   Number of wires:                 28
   Number of wire bits:            564
   Number of public wires:          28
   Number of public wire bits:     564
   Number of ports:                 14
   Number of port bits:            164
   Number of memories:               0
   Number of memory bits:            0
   Number of processes:              0
   Number of cells:                 14
     $add                            3
     $mul                            4
     $sub                            3
     rne_sat_q30_to_q15              2
     sat_q15                         2

=== rne_sat_q30_to_q15 ===

   Number of wires:                 14
   Number of wire bits:            114
   Number of public wires:           9
   Number of public wire bits:      94
   Number of ports:                  3
   Number of port bits:             51
   Number of memories:               0
   Number of memory bits:            0
   Number of processes:              0
   Number of cells:                 10
     $add                            1
     $and                            1
     $gt                             1
     $lt                             1
     $mux                            4
     $or                             1
     $reduce_or                      1

=== sat_q15 ===

   Number of wires:                  7
   Number of wire bits:             53
   Number of public wires:           3
   Number of public wire bits:      34
   Number of ports:                  3
   Number of port bits:             34
   Number of memories:               0
   Number of memory bits:            0
   Number of processes:              0
   Number of cells:                  6
     $gt                             1
     $lt                             1
     $mux                            4

=== design hierarchy ===

   butterfly_comb                    1
     rne_sat_q30_to_q15              2
     sat_q15                         2

   Number of wires:                 70
   Number of wire bits:            898
   Number of public wires:          52
   Number of public wire bits:     820
   Number of ports:                 26
   Number of port bits:            334
   Number of memories:               0
   Number of memory bits:            0
   Number of processes:              0
   Number of cells:                 42
     $add                            5
     $and                            2
     $gt                             4
     $lt                             4
     $mul                            4
     $mux                           16
     $or                             2
     $reduce_or                      2
     $sub                            3

End of script. Logfile hash: 10d756622c, CPU: user 0.03s system 0.03s, MEM: 14.12 MB peak
Yosys 0.52 (git sha1 fee39a3284c90249e1d9684cf6944ffbbcbb8f90)
Time spent: 21% 4x opt_expr (0 sec), 15% 4x read_verilog (0 sec), ...
